
src/app/entrenador/(dashboard)/clientes/[id]/planificacion/ConstructorCliente.tsx(149,37): error TS2322: Type '({ diasSesion: ({ ejercicios: ({ ejercicio: { id: string; creadoEn: Date; nombre: string; entrenadorId: string; 
nombresAlternativos: string[]; descripcion: string | null; erroresComunes: string | null; ... 13 more ...; actualizadoEn: Date; } | null; } & { ...; })[]; } & { ...; })[]; } & { ...; }) | undefined' is not assignable to type 'SemanaConDias'.


