src/app/entrenador/(dashboard)/clientes/[id]/planificacion/componentes/BuscadorEjercicios.tsx(109,127): error TS2339: Property 'grupoMuscular' does not exist on type '{ id: string; nombre: string; creadoEn: Date; entrenadorId: string; descripcion: string | null; equipamiento: TipoEquipamiento[]; nombresAlternativos: string[]; erroresComunes: string | null; ... 12 more ...; actualizadoEn: Date; }'.
src/app/entrenador/(dashboard)/clientes/[id]/planificacion/componentes/BuscadorEjercicios.tsx(115,45): error TS2339: Property 'equipoNecesario' does not exist on type '{ id: string; nombre: string; creadoEn: Date; entrenadorId: string; descripcion: string | null; equipamiento: TipoEquipamiento[]; nombresAlternativos: string[]; erroresComunes: string | null; ... 12 more ...; actualizadoEn: Date; }'.
src/app/entrenador/(dashboard)/clientes/[id]/planificacion/componentes/BuscadorEjercicios.tsx(116,148): error TS2339: Property 'equipoNecesario' does not exist on type '{ id: string; nombre: string; creadoEn: Date; entrenadorId: string; descripcion: string | null; equipamiento: TipoEquipamiento[]; nombresAlternativos: string[]; erroresComunes: string | null; ... 12 more ...; actualizadoEn: Date; }'.
src/app/entrenador/(dashboard)/clientes/[id]/planificacion/componentes/VistaMesociclo.tsx(38,40): error TS2345: Argument of type '(s: SemanaConDias) => { id: string; n: number; tipo: string; tipoCarga: string; rir: string | number; vol: string; dias: string[]; }' is not assignable to parameter of type '(value: { diasSesion: ({ ejercicios: ({ ejercicio: { id: string; nombre: string; creadoEn: Date; entrenadorId: string; descripcion: string | null; equipamiento: TipoEquipamiento[]; ... 14 more ...; actualizadoEn: Date; } | null; } & { ...; })[]; } & { ...; })[]; } & { ...; }, index: number, array: ({ ...; } & { ...;...'.
  Types of parameters 's' and 'value' are incompatible.
    Type '{ diasSesion: ({ ejercicios: ({ ejercicio: { id: string; nombre: string; creadoEn: Date; entrenadorId: string; descripcion: string | null; equipamiento: TipoEquipamiento[]; ... 14 more ...; actualizadoEn: Date; } | null; } & { ...; })[]; } & { ...; })[]; } & { ...; }' is not assignable to type 'SemanaConDias'.
      Type '{ diasSesion: ({ ejercicios: ({ ejercicio: { id: string; nombre: string; creadoEn: Date; entrenadorId: string; descripcion: string | null; equipamiento: TipoEquipamiento[]; ... 14 more ...; actualizadoEn: Date; } | null; } & { ...; })[]; } & { ...; })[]; } & { ...; }' is not assignable to type '{ diasSesion: DiaConEjercicios[]; tipoCarga?: TipoCarga | null | undefined; }'.
        Types of property 'diasSesion' are incompatible.
          Type '({ ejercicios: ({ ejercicio: { id: string; nombre: string; creadoEn: Date; entrenadorId: string; descripcion: string | null; equipamiento: TipoEquipamiento[]; nombresAlternativos: string[]; ... 13 more ...; actualizadoEn: Date; } | null; } & { ...; })[]; } & { ...; })[]' is not assignable to type 'DiaConEjercicios[]'.
            Type '{ ejercicios: ({ ejercicio: { id: string; nombre: string; creadoEn: Date; entrenadorId: string; descripcion: string | null; equipamiento: TipoEquipamiento[]; nombresAlternativos: string[]; ... 13 more ...; actualizadoEn: Date; } | null; } & { ...; })[]; } & { ...; }' is not assignable to type 'DiaConEjercicios'.
              Type '{ ejercicios: ({ ejercicio: { id: string; nombre: string; creadoEn: Date; entrenadorId: string; descripcion: string | null; equipamiento: TipoEquipamiento[]; nombresAlternativos: string[]; ... 13 more ...; actualizadoEn: Date; } | null; } & { ...; })[]; } & { ...; }' is not assignable to type '{ ejercicios: EjercicioConDetalle[]; }'.
                Types of property 'ejercicios' are incompatible.
                  Type '({ ejercicio: { id: string; nombre: string; creadoEn: Date; entrenadorId: string; descripcion: string | null; equipamiento: TipoEquipamiento[]; nombresAlternativos: string[]; ... 13 more ...; actualizadoEn: Date; } | null; } & { ...; })[]' is not assignable to type 'EjercicioConDetalle[]'.
                    Type '{ ejercicio: { id: string; nombre: string; creadoEn: Date; entrenadorId: string; descripcion: string | null; equipamiento: TipoEquipamiento[]; nombresAlternativos: string[]; ... 13 more ...; actualizadoEn: Date; } | null; } & { ...; }' is not assignable to type 'EjercicioConDetalle'.
                      Type '{ ejercicio: { id: string; nombre: string; creadoEn: Date; entrenadorId: string; descripcion: string | null; equipamiento: TipoEquipamiento[]; nombresAlternativos: string[]; ... 13 more ...; actualizadoEn: Date; } | null; } & { ...; }' is not assignable to type '{ ejercicio: { id: string; nombre: string; creadoEn: Date; entrenadorId: string; descripcion: string | null; equipamiento: TipoEquipamiento[]; nombresAlternativos: string[]; ... 13 more ...; actualizadoEn: Date; }; }'.
                        Types of property 'ejercicio' are incompatible.
                          Type '{ id: string; nombre: string; creadoEn: Date; entrenadorId: string; descripcion: string | null; equipamiento: TipoEquipamiento[]; nombresAlternativos: string[]; ... 13 more ...; actualizadoEn: Date; } | null' is not assignable to type '{ id: string; nombre: string; creadoEn: Date; entrenadorId: string; descripcion: string | null; equipamiento: TipoEquipamiento[]; nombresAlternativos: string[]; erroresComunes: string | null; ... 12 more ...; actualizadoEn: Date; }'.
                            Type 'null' is not assignable to type '{ id: string; nombre: string; creadoEn: Date; entrenadorId: string; descripcion: string | null; equipamiento: TipoEquipamiento[]; nombresAlternativos: string[]; erroresComunes: string | null; ... 12 more ...; actualizadoEn: Date; }'.
src/app/entrenador/(dashboard)/clientes/[id]/planificacion/componentes/VistaSesion.tsx(331,142): error TS2339: Property 'grupoMuscular' does not exist on type '{ id: string; nombre: string; creadoEn: Date; entrenadorId: string; descripcion: string | null; equipamiento: TipoEquipamiento[]; nombresAlternativos: string[]; erroresComunes: string | null; ... 12 more ...; actualizadoEn: Date; }'.
src/app/entrenador/(dashboard)/clientes/[id]/planificacion/ConstructorCliente.tsx(79,53): error TS2769: No overload matches this call.
  Overload 1 of 2, '(predicate: (value: { diasSesion: ({ ejercicios: ({ ejercicio: { id: string; nombre: string; creadoEn: Date; entrenadorId: string; descripcion: string | null; equipamiento: TipoEquipamiento[]; ... 14 more ...; actualizadoEn: Date; } | null; } & { ...; })[]; } & { ...; })[]; } & { ...; }, index: number, obj: ({ ...; } & { ...; })[]) => value is { ...; } & { ...; }, thisArg?: any): ({ ...; } & { ...; }) | undefined', gave the following error.
    Argument of type '(s: SemanaConDias) => boolean' is not assignable to parameter of type '(value: { diasSesion: ({ ejercicios: ({ ejercicio: { id: string; nombre: string; creadoEn: Date; entrenadorId: string; descripcion: string | null; equipamiento: TipoEquipamiento[]; ... 14 more ...; actualizadoEn: Date; } | null; } & { ...; })[]; } & { ...; })[]; } & { ...; }, index: number, obj: ({ ...; } & { ...; }...'.
      Types of parameters 's' and 'value' are incompatible.
        Type '{ diasSesion: ({ ejercicios: ({ ejercicio: { id: string; nombre: string; creadoEn: Date; entrenadorId: string; descripcion: string | null; equipamiento: TipoEquipamiento[]; ... 14 more ...; actualizadoEn: Date; } | null; } & { ...; })[]; } & { ...; })[]; } & { ...; }' is not assignable to type 'SemanaConDias'.
          Type '{ diasSesion: ({ ejercicios: ({ ejercicio: { id: string; nombre: string; creadoEn: Date; entrenadorId: string; descripcion: string | null; equipamiento: TipoEquipamiento[]; ... 14 more ...; actualizadoEn: Date; } | null; } & { ...; })[]; } & { ...; })[]; } & { ...; }' is not assignable to type '{ diasSesion: DiaConEjercicios[]; tipoCarga?: TipoCarga | null | undefined; }'.
            Types of property 'diasSesion' are incompatible.
              Type '({ ejercicios: ({ ejercicio: { id: string; nombre: string; creadoEn: Date; entrenadorId: string; descripcion: string | null; equipamiento: TipoEquipamiento[]; nombresAlternativos: string[]; ... 13 more ...; actualizadoEn: Date; } | null; } & { ...; })[]; } & { ...; })[]' is not assignable to type 'DiaConEjercicios[]'.
                Type '{ ejercicios: ({ ejercicio: { id: string; nombre: string; creadoEn: Date; entrenadorId: string; descripcion: string | null; equipamiento: TipoEquipamiento[]; nombresAlternativos: string[]; ... 13 more ...; actualizadoEn: Date; } | null; } & { ...; })[]; } & { ...; }' is not assignable to type 'DiaConEjercicios'.
                  Type '{ ejercicios: ({ ejercicio: { id: string; nombre: string; creadoEn: Date; entrenadorId: string; descripcion: string | null; equipamiento: TipoEquipamiento[]; nombresAlternativos: string[]; ... 13 more ...; actualizadoEn: Date; } | null; } & { ...; })[]; } & { ...; }' is not assignable to type '{ ejercicios: EjercicioConDetalle[]; }'.
                    Types of property 'ejercicios' are incompatible.
                      Type '({ ejercicio: { id: string; nombre: string; creadoEn: Date; entrenadorId: string; descripcion: string | null; equipamiento: TipoEquipamiento[]; nombresAlternativos: string[]; ... 13 more ...; actualizadoEn: Date; } | null; } & { ...; })[]' is not assignable to type 'EjercicioConDetalle[]'.
                        Type '{ ejercicio: { id: string; nombre: string; creadoEn: Date; entrenadorId: string; descripcion: string | null; equipamiento: TipoEquipamiento[]; nombresAlternativos: string[]; ... 13 more ...; actualizadoEn: Date; } | null; } & { ...; }' is not assignable to type 'EjercicioConDetalle'.
                          Type '{ ejercicio: { id: string; nombre: string; creadoEn: Date; entrenadorId: string; descripcion: string | null; equipamiento: TipoEquipamiento[]; nombresAlternativos: string[]; ... 13 more ...; actualizadoEn: Date; } | null; } & { ...; }' is not assignable to type '{ ejercicio: { id: string; nombre: string; creadoEn: Date; entrenadorId: string; descripcion: string | null; equipamiento: TipoEquipamiento[]; nombresAlternativos: string[]; ... 13 more ...; actualizadoEn: Date; }; }'.
                            Types of property 'ejercicio' are incompatible.
                              Type '{ id: string; nombre: string; creadoEn: Date; entrenadorId: string; descripcion: string | null; equipamiento: TipoEquipamiento[]; nombresAlternativos: string[]; ... 13 more ...; actualizadoEn: Date; } | null' is not assignable to type '{ id: string; nombre: string; creadoEn: Date; entrenadorId: string; descripcion: string | null; equipamiento: TipoEquipamiento[]; nombresAlternativos: string[]; erroresComunes: string | null; ... 12 more ...; actualizadoEn: Date; }'.
                                Type 'null' is not assignable to type '{ id: string; nombre: string; creadoEn: Date; entrenadorId: string; descripcion: string | null; equipamiento: TipoEquipamiento[]; nombresAlternativos: string[]; erroresComunes: string | null; ... 12 more ...; actualizadoEn: Date; }'.
  Overload 2 of 2, '(predicate: (value: { diasSesion: ({ ejercicios: ({ ejercicio: { id: string; nombre: string; creadoEn: Date; entrenadorId: string; descripcion: string | null; equipamiento: TipoEquipamiento[]; ... 14 more ...; actualizadoEn: Date; } | null; } & { ...; })[]; } & { ...; })[]; } & { ...; }, index: number, obj: ({ ...; } & { ...; })[]) => unknown, thisArg?: any): ({ ...; } & { ...; }) | undefined', gave the following error.
    Argument of type '(s: SemanaConDias) => boolean' is not assignable to parameter of type '(value: { diasSesion: ({ ejercicios: ({ ejercicio: { id: string; nombre: string; creadoEn: Date; entrenadorId: string; descripcion: string | null; equipamiento: TipoEquipamiento[]; ... 14 more ...; actualizadoEn: Date; } | null; } & { ...; })[]; } & { ...; })[]; } & { ...; }, index: number, obj: ({ ...; } & { ...; }...'.
      Types of parameters 's' and 'value' are incompatible.
        Type '{ diasSesion: ({ ejercicios: ({ ejercicio: { id: string; nombre: string; creadoEn: Date; entrenadorId: string; descripcion: string | null; equipamiento: TipoEquipamiento[]; ... 14 more ...; actualizadoEn: Date; } | null; } & { ...; })[]; } & { ...; })[]; } & { ...; }' is not assignable to type 'SemanaConDias'.
          Type '{ diasSesion: ({ ejercicios: ({ ejercicio: { id: string; nombre: string; creadoEn: Date; entrenadorId: string; descripcion: string | null; equipamiento: TipoEquipamiento[]; ... 14 more ...; actualizadoEn: Date; } | null; } & { ...; })[]; } & { ...; })[]; } & { ...; }' is not assignable to type '{ diasSesion: DiaConEjercicios[]; tipoCarga?: TipoCarga | null | undefined; }'.
            Types of property 'diasSesion' are incompatible.
              Type '({ ejercicios: ({ ejercicio: { id: string; nombre: string; creadoEn: Date; entrenadorId: string; descripcion: string | null; equipamiento: TipoEquipamiento[]; nombresAlternativos: string[]; ... 13 more ...; actualizadoEn: Date; } | null; } & { ...; })[]; } & { ...; })[]' is not assignable to type 'DiaConEjercicios[]'.
                Type '{ ejercicios: ({ ejercicio: { id: string; nombre: string; creadoEn: Date; entrenadorId: string; descripcion: string | null; equipamiento: TipoEquipamiento[]; nombresAlternativos: string[]; ... 13 more ...; actualizadoEn: Date; } | null; } & { ...; })[]; } & { ...; }' is not assignable to type 'DiaConEjercicios'.
                  Type '{ ejercicios: ({ ejercicio: { id: string; nombre: string; creadoEn: Date; entrenadorId: string; descripcion: string | null; equipamiento: TipoEquipamiento[]; nombresAlternativos: string[]; ... 13 more ...; actualizadoEn: Date; } | null; } & { ...; })[]; } & { ...; }' is not assignable to type '{ ejercicios: EjercicioConDetalle[]; }'.
                    Types of property 'ejercicios' are incompatible.
                      Type '({ ejercicio: { id: string; nombre: string; creadoEn: Date; entrenadorId: string; descripcion: string | null; equipamiento: TipoEquipamiento[]; nombresAlternativos: string[]; ... 13 more ...; actualizadoEn: Date; } | null; } & { ...; })[]' is not assignable to type 'EjercicioConDetalle[]'.
                        Type '{ ejercicio: { id: string; nombre: string; creadoEn: Date; entrenadorId: string; descripcion: string | null; equipamiento: TipoEquipamiento[]; nombresAlternativos: string[]; ... 13 more ...; actualizadoEn: Date; } | null; } & { ...; }' is not assignable to type 'EjercicioConDetalle'.
                          Type '{ ejercicio: { id: string; nombre: string; creadoEn: Date; entrenadorId: string; descripcion: string | null; equipamiento: TipoEquipamiento[]; nombresAlternativos: string[]; ... 13 more ...; actualizadoEn: Date; } | null; } & { ...; }' is not assignable to type '{ ejercicio: { id: string; nombre: string; creadoEn: Date; entrenadorId: string; descripcion: string | null; equipamiento: TipoEquipamiento[]; nombresAlternativos: string[]; ... 13 more ...; actualizadoEn: Date; }; }'.
                            Types of property 'ejercicio' are incompatible.
                              Type '{ id: string; nombre: string; creadoEn: Date; entrenadorId: string; descripcion: string | null; equipamiento: TipoEquipamiento[]; nombresAlternativos: string[]; ... 13 more ...; actualizadoEn: Date; } | null' is not assignable to type '{ id: string; nombre: string; creadoEn: Date; entrenadorId: string; descripcion: string | null; equipamiento: TipoEquipamiento[]; nombresAlternativos: string[]; erroresComunes: string | null; ... 12 more ...; actualizadoEn: Date; }'.
                                Type 'null' is not assignable to type '{ id: string; nombre: string; creadoEn: Date; entrenadorId: string; descripcion: string | null; equipamiento: TipoEquipamiento[]; nombresAlternativos: string[]; erroresComunes: string | null; ... 12 more ...; actualizadoEn: Date; }'.
src/app/entrenador/(dashboard)/clientes/[id]/planificacion/ConstructorCliente.tsx(138,37): error TS2322: Type '{ diasSesion: ({ ejercicios: ({ ejercicio: { id: string; nombre: string; creadoEn: Date; entrenadorId: string; descripcion: string | null; equipamiento: TipoEquipamiento[]; ... 14 more ...; actualizadoEn: Date; } | null; } & { ...; })[]; } & { ...; })[]; } & { ...; }' is not assignable to type 'SemanaConDias'.
  Type '{ diasSesion: ({ ejercicios: ({ ejercicio: { id: string; nombre: string; creadoEn: Date; entrenadorId: string; descripcion: string | null; equipamiento: TipoEquipamiento[]; ... 14 more ...; actualizadoEn: Date; } | null; } & { ...; })[]; } & { ...; })[]; } & { ...; }' is not assignable to type '{ diasSesion: DiaConEjercicios[]; tipoCarga?: TipoCarga | null | undefined; }'.
    Types of property 'diasSesion' are incompatible.
      Type '({ ejercicios: ({ ejercicio: { id: string; nombre: string; creadoEn: Date; entrenadorId: string; descripcion: string | null; equipamiento: TipoEquipamiento[]; nombresAlternativos: string[]; ... 13 more ...; actualizadoEn: Date; } | null; } & { ...; })[]; } & { ...; })[]' is not assignable to type 'DiaConEjercicios[]'.
        Type '{ ejercicios: ({ ejercicio: { id: string; nombre: string; creadoEn: Date; entrenadorId: string; descripcion: string | null; equipamiento: TipoEquipamiento[]; nombresAlternativos: string[]; ... 13 more ...; actualizadoEn: Date; } | null; } & { ...; })[]; } & { ...; }' is not assignable to type 'DiaConEjercicios'.
          Type '{ ejercicios: ({ ejercicio: { id: string; nombre: string; creadoEn: Date; entrenadorId: string; descripcion: string | null; equipamiento: TipoEquipamiento[]; nombresAlternativos: string[]; ... 13 more ...; actualizadoEn: Date; } | null; } & { ...; })[]; } & { ...; }' is not assignable to type '{ ejercicios: EjercicioConDetalle[]; }'.
            Types of property 'ejercicios' are incompatible.
              Type '({ ejercicio: { id: string; nombre: string; creadoEn: Date; entrenadorId: string; descripcion: string | null; equipamiento: TipoEquipamiento[]; nombresAlternativos: string[]; ... 13 more ...; actualizadoEn: Date; } | null; } & { ...; })[]' is not assignable to type 'EjercicioConDetalle[]'.
                Type '{ ejercicio: { id: string; nombre: string; creadoEn: Date; entrenadorId: string; descripcion: string | null; equipamiento: TipoEquipamiento[]; nombresAlternativos: string[]; ... 13 more ...; actualizadoEn: Date; } | null; } & { ...; }' is not assignable to type 'EjercicioConDetalle'.
                  Type '{ ejercicio: { id: string; nombre: string; creadoEn: Date; entrenadorId: string; descripcion: string | null; equipamiento: TipoEquipamiento[]; nombresAlternativos: string[]; ... 13 more ...; actualizadoEn: Date; } | null; } & { ...; }' is not assignable to type '{ ejercicio: { id: string; nombre: string; creadoEn: Date; entrenadorId: string; descripcion: string | null; equipamiento: TipoEquipamiento[]; nombresAlternativos: string[]; ... 13 more ...; actualizadoEn: Date; }; }'.
                    Types of property 'ejercicio' are incompatible.
                      Type '{ id: string; nombre: string; creadoEn: Date; entrenadorId: string; descripcion: string | null; equipamiento: TipoEquipamiento[]; nombresAlternativos: string[]; ... 13 more ...; actualizadoEn: Date; } | null' is not assignable to type '{ id: string; nombre: string; creadoEn: Date; entrenadorId: string; descripcion: string | null; equipamiento: TipoEquipamiento[]; nombresAlternativos: string[]; erroresComunes: string | null; ... 12 more ...; actualizadoEn: Date; }'.
                        Type 'null' is not assignable to type '{ id: string; nombre: string; creadoEn: Date; entrenadorId: string; descripcion: string | null; equipamiento: TipoEquipamiento[]; nombresAlternativos: string[]; erroresComunes: string | null; ... 12 more ...; actualizadoEn: Date; }'.
src/app/entrenador/(dashboard)/clientes/[id]/planificacion/ConstructorCliente.tsx(145,37): error TS2322: Type '{ ejercicios: ({ ejercicio: { id: string; nombre: string; creadoEn: Date; entrenadorId: string; descripcion: string | null; equipamiento: TipoEquipamiento[]; nombresAlternativos: string[]; ... 13 more ...; actualizadoEn: Date; } | null; } & { ...; })[]; } & { ...; }' is not assignable to type 'DiaConEjercicios'.
  Type '{ ejercicios: ({ ejercicio: { id: string; nombre: string; creadoEn: Date; entrenadorId: string; descripcion: string | null; equipamiento: TipoEquipamiento[]; nombresAlternativos: string[]; ... 13 more ...; actualizadoEn: Date; } | null; } & { ...; })[]; } & { ...; }' is not assignable to type '{ ejercicios: EjercicioConDetalle[]; }'.
    Types of property 'ejercicios' are incompatible.
      Type '({ ejercicio: { id: string; nombre: string; creadoEn: Date; entrenadorId: string; descripcion: string | null; equipamiento: TipoEquipamiento[]; nombresAlternativos: string[]; ... 13 more ...; actualizadoEn: Date; } | null; } & { ...; })[]' is not assignable to type 'EjercicioConDetalle[]'.
        Type '{ ejercicio: { id: string; nombre: string; creadoEn: Date; entrenadorId: string; descripcion: string | null; equipamiento: TipoEquipamiento[]; nombresAlternativos: string[]; ... 13 more ...; actualizadoEn: Date; } | null; } & { ...; }' is not assignable to type 'EjercicioConDetalle'.
          Type '{ ejercicio: { id: string; nombre: string; creadoEn: Date; entrenadorId: string; descripcion: string | null; equipamiento: TipoEquipamiento[]; nombresAlternativos: string[]; ... 13 more ...; actualizadoEn: Date; } | null; } & { ...; }' is not assignable to type '{ ejercicio: { id: string; nombre: string; creadoEn: Date; entrenadorId: string; descripcion: string | null; equipamiento: TipoEquipamiento[]; nombresAlternativos: string[]; ... 13 more ...; actualizadoEn: Date; }; }'.
            Types of property 'ejercicio' are incompatible.
              Type '{ id: string; nombre: string; creadoEn: Date; entrenadorId: string; descripcion: string | null; equipamiento: TipoEquipamiento[]; nombresAlternativos: string[]; ... 13 more ...; actualizadoEn: Date; } | null' is not assignable to type '{ id: string; nombre: string; creadoEn: Date; entrenadorId: string; descripcion: string | null; equipamiento: TipoEquipamiento[]; nombresAlternativos: string[]; erroresComunes: string | null; ... 12 more ...; actualizadoEn: Date; }'.
                Type 'null' is not assignable to type '{ id: string; nombre: string; creadoEn: Date; entrenadorId: string; descripcion: string | null; equipamiento: TipoEquipamiento[]; nombresAlternativos: string[]; erroresComunes: string | null; ... 12 more ...; actualizadoEn: Date; }'.
src/app/entrenador/(dashboard)/rutinas/BibliotecaEjercicios.tsx(29,27): error TS2345: Argument of type '{ id: string; nombre: string; creadoEn: Date; entrenadorId: string; descripcion: string | null; equipamiento: TipoEquipamiento[]; nombresAlternativos: string[]; erroresComunes: string | null; ... 12 more ...; actualizadoEn: Date; }[]' is not assignable to parameter of type 'SetStateAction<Ejercicio[]>'.
  Type '{ id: string; nombre: string; creadoEn: Date; entrenadorId: string; descripcion: string | null; equipamiento: TipoEquipamiento[]; nombresAlternativos: string[]; erroresComunes: string | null; ... 12 more ...; actualizadoEn: Date; }[]' is not assignable to type 'Ejercicio[]'.
    Property 'grupoMuscular' is missing in type '{ id: string; nombre: string; creadoEn: Date; entrenadorId: string; descripcion: string | null; equipamiento: TipoEquipamiento[]; nombresAlternativos: string[]; erroresComunes: string | null; ... 12 more ...; actualizadoEn: Date; }' but required in type 'Ejercicio'.
src/app/entrenador/(dashboard)/rutinas/page.tsx(31,35): error TS2322: Type '{ id: string; nombre: string; creadoEn: Date; entrenadorId: string; descripcion: string | null; equipamiento: TipoEquipamiento[]; nombresAlternativos: string[]; erroresComunes: string | null; ... 12 more ...; actualizadoEn: Date; }[]' is not assignable to type 'Ejercicio[]'.
  Property 'grupoMuscular' is missing in type '{ id: string; nombre: string; creadoEn: Date; entrenadorId: string; descripcion: string | null; equipamiento: TipoEquipamiento[]; nombresAlternativos: string[]; erroresComunes: string | null; ... 12 more ...; actualizadoEn: Date; }' but required in type 'Ejercicio'.
src/nucleo/servicios/ejercicio.servicio.ts(16,23): error TS2353: Object literal may only specify known properties, and 'grupoMuscular' does not exist in type 'EjercicioWhereInput'.
src/nucleo/servicios/ejercicio.servicio.ts(17,23): error TS2353: Object literal may only specify known properties, and 'patronMovimiento' does not exist in type 'EjercicioWhereInput'.
src/nucleo/servicios/ejercicio.servicio.ts(42,13): error TS2322: Type '{ entrenadorId: string; nombre: string; grupoMuscular: string; patronMovimiento?: string | undefined; musculosPrincipales?: string | undefined; musculosAccesorios?: string | undefined; ... 4 more ...; descripcion?: string | undefined; }' is not assignable to type '(Without<EjercicioCreateInput, EjercicioUncheckedCreateInput> & EjercicioUncheckedCreateInput) | (Without<...> & EjercicioCreateInput)'.
  Type '{ entrenadorId: string; nombre: string; grupoMuscular: string; patronMovimiento?: string | undefined; musculosPrincipales?: string | undefined; musculosAccesorios?: string | undefined; ... 4 more ...; descripcion?: string | undefined; }' is not assignable to type 'Without<EjercicioCreateInput, EjercicioUncheckedCreateInput> & EjercicioUncheckedCreateInput'.
    Type '{ entrenadorId: string; nombre: string; grupoMuscular: string; patronMovimiento?: string | undefined; musculosPrincipales?: string | undefined; musculosAccesorios?: string | undefined; ... 4 more ...; descripcion?: string | undefined; }' is missing the following properties from type 'EjercicioUncheckedCreateInput': musculoPrincipal, articulacion, patron, lateralidad
src/nucleo/servicios/volumen.servicio.ts(42,33): error TS18047: 'ep.ejercicio' is possibly 'null'.
src/nucleo/servicios/volumen.servicio.ts(42,46): error TS2339: Property 'grupoMuscular' does not exist on type '{ id: string; nombre: string; creadoEn: Date; entrenadorId: string; descripcion: string | null; equipamiento: TipoEquipamiento[]; nombresAlternativos: string[]; erroresComunes: string | null; ... 12 more ...; actualizadoEn: Date; }'.
