src/app/entrenador/(dashboard)/clientes/[id]/planificacion/componentes/BuscadorEjercicios.tsx(24,25): error TS2339: Property 'exito' does not exist on type '{ id: string; nombre: string; creadoEn: Date; entrenadorId: string; patronMovimiento: string | null; grupoMuscular: string; musculosPrincipales: string | null; musculosAccesorios: string | null; ... 4 more ...; fotoUrl: string | null; }[]'.
src/app/entrenador/(dashboard)/clientes/[id]/planificacion/componentes/BuscadorEjercicios.tsx(25,39): error TS2339: Property 'resultados' does not exist on type '{ id: string; nombre: string; creadoEn: Date; entrenadorId: string; patronMovimiento: string | null; grupoMuscular: string; musculosPrincipales: string | null; musculosAccesorios: string | null; ... 4 more ...; fotoUrl: string | null; }[]'.
src/app/entrenador/(dashboard)/cobros/page.tsx(5,46): error TS2554: Expected 1 arguments, but got 0.
src/app/entrenador/(dashboard)/cobros/page.tsx(6,44): error TS2339: Property 'obtenerPendientes' does not exist on type '{ obtenerEstadisticasMensuales(entrenadorId: string): Promise<{ totalMes: number; cantidadCobros: number; }>; obtenerVencimientos(entrenadorId: string): Promise<({ cliente: { ...; }; cobros: { ...; }[]; plan: { ...; }; } & { ...; })[]>; registrarCobro(data: { ...; }): Promise<...>; }'.
src/app/entrenador/(dashboard)/cobros/page.tsx(7,47): error TS2339: Property 'obtenerUltimosCobros' does not exist on type '{ obtenerEstadisticasMensuales(entrenadorId: string): Promise<{ totalMes: number; cantidadCobros: number; }>; obtenerVencimientos(entrenadorId: string): Promise<({ cliente: { ...; }; cobros: { ...; }[]; plan: { ...; }; } & { ...; })[]>; registrarCobro(data: { ...; }): Promise<...>; }'.
src/app/entrenador/(dashboard)/cobros/page.tsx(55,46): error TS7006: Parameter 'p' implicitly has an 'any' type.
src/app/entrenador/(dashboard)/cobros/page.tsx(66,52): error TS2339: Property 'ticketPromedio' does not exist on type '{ totalMes: number; cantidadCobros: number; }'.
src/app/entrenador/(dashboard)/cobros/page.tsx(94,53): error TS7006: Parameter 'cobro' implicitly has an 'any' type.
